// Jest Snapshot v1, https://goo.gl/fbAQLP

exports[`Item List Container renders correctly 1`] = `
ShallowWrapper {
  Symbol(enzyme.__root__): [Circular],
  Symbol(enzyme.__unrendered__): <ItemListContainer
    getList={
      [MockFunction] {
        "calls": Array [
          Array [],
        ],
        "results": Array [
          Object {
            "isThrow": false,
            "value": undefined,
          },
        ],
      }
    }
    list={
      Array [
        Object {
          "completed": false,
          "createdAt": "Test Date",
          "description": "Test Description",
          "id": 1,
          "name": "Test Name",
        },
        Object {
          "completed": false,
          "createdAt": "Test2 Date",
          "description": "Test2 Description",
          "id": 2,
          "name": "Test2 Name",
        },
      ]
    }
  />,
  Symbol(enzyme.__renderer__): Object {
    "batchedUpdates": [Function],
    "getNode": [Function],
    "render": [Function],
    "simulateError": [Function],
    "simulateEvent": [Function],
    "unmount": [Function],
  },
  Symbol(enzyme.__node__): Object {
    "instance": null,
    "key": undefined,
    "nodeType": "class",
    "props": Object {
      "children": Array [
        <Connect(ItemComponent)
          item={
            Object {
              "completed": false,
              "createdAt": "Test Date",
              "description": "Test Description",
              "id": 1,
              "name": "Test Name",
            }
          }
        />,
        <Connect(ItemComponent)
          item={
            Object {
              "completed": false,
              "createdAt": "Test2 Date",
              "description": "Test2 Description",
              "id": 2,
              "name": "Test2 Name",
            }
          }
        />,
      ],
    },
    "ref": null,
    "rendered": Array [
      Object {
        "instance": null,
        "key": "item-1",
        "nodeType": "class",
        "props": Object {
          "item": Object {
            "completed": false,
            "createdAt": "Test Date",
            "description": "Test Description",
            "id": 1,
            "name": "Test Name",
          },
        },
        "ref": null,
        "rendered": null,
        "type": [Function],
      },
      Object {
        "instance": null,
        "key": "item-2",
        "nodeType": "class",
        "props": Object {
          "item": Object {
            "completed": false,
            "createdAt": "Test2 Date",
            "description": "Test2 Description",
            "id": 2,
            "name": "Test2 Name",
          },
        },
        "ref": null,
        "rendered": null,
        "type": [Function],
      },
    ],
    "type": [Function],
  },
  Symbol(enzyme.__nodes__): Array [
    Object {
      "instance": null,
      "key": undefined,
      "nodeType": "class",
      "props": Object {
        "children": Array [
          <Connect(ItemComponent)
            item={
              Object {
                "completed": false,
                "createdAt": "Test Date",
                "description": "Test Description",
                "id": 1,
                "name": "Test Name",
              }
            }
          />,
          <Connect(ItemComponent)
            item={
              Object {
                "completed": false,
                "createdAt": "Test2 Date",
                "description": "Test2 Description",
                "id": 2,
                "name": "Test2 Name",
              }
            }
          />,
        ],
      },
      "ref": null,
      "rendered": Array [
        Object {
          "instance": null,
          "key": "item-1",
          "nodeType": "class",
          "props": Object {
            "item": Object {
              "completed": false,
              "createdAt": "Test Date",
              "description": "Test Description",
              "id": 1,
              "name": "Test Name",
            },
          },
          "ref": null,
          "rendered": null,
          "type": [Function],
        },
        Object {
          "instance": null,
          "key": "item-2",
          "nodeType": "class",
          "props": Object {
            "item": Object {
              "completed": false,
              "createdAt": "Test2 Date",
              "description": "Test2 Description",
              "id": 2,
              "name": "Test2 Name",
            },
          },
          "ref": null,
          "rendered": null,
          "type": [Function],
        },
      ],
      "type": [Function],
    },
  ],
  Symbol(enzyme.__options__): Object {
    "adapter": ReactSixteenAdapter {
      "options": Object {
        "enableComponentDidUpdateOnSetState": true,
        "lifecycles": Object {
          "componentDidUpdate": Object {
            "onSetState": true,
          },
          "getDerivedStateFromProps": true,
          "getSnapshotBeforeUpdate": true,
          "setState": Object {
            "skipsComponentDidUpdateOnNullish": true,
          },
        },
      },
    },
  },
}
`;
